

================================================================
== Vivado HLS Report for 'sha256d'
================================================================
* Date:           Sat Jul 27 19:43:58 2024

* Version:        2020.1 (Build 2897737 on Wed May 27 20:21:37 MDT 2020)
* Project:        sha256d
* Solution:       solution1
* Product family: zynquplus
* Target device:  xqzu5ev-ffrb900-1-i


================================================================
== Performance Estimates
================================================================
+ Timing: 
    * Summary: 
    +--------+----------+----------+------------+
    |  Clock |  Target  | Estimated| Uncertainty|
    +--------+----------+----------+------------+
    |ap_clk  | 10.00 ns | 4.796 ns |   1.25 ns  |
    +--------+----------+----------+------------+

+ Latency: 
    * Summary: 
    +---------+---------+-----------+-----------+------+------+---------+
    |  Latency (cycles) |   Latency (absolute)  |   Interval  | Pipeline|
    |   min   |   max   |    min    |    max    |  min |  max |   Type  |
    +---------+---------+-----------+-----------+------+------+---------+
    |     1542|     1542| 15.420 us | 15.420 us |  1542|  1542|   none  |
    +---------+---------+-----------+-----------+------+------+---------+

    + Detail: 
        * Instance: 
        N/A

        * Loop: 
        +-----------------------------+---------+---------+----------+-----------+-----------+------+----------+
        |                             |  Latency (cycles) | Iteration|  Initiation Interval  | Trip |          |
        |          Loop Name          |   min   |   max   |  Latency |  achieved |   target  | Count| Pipelined|
        +-----------------------------+---------+---------+----------+-----------+-----------+------+----------+
        |- Load_Input                 |      160|      160|         2|          -|          -|    80|    no    |
        |- Append_Zero                |       47|       47|         1|          -|          -|    47|    no    |
        |- Appened_Original_Size      |        8|        8|         1|          -|          -|     8|    no    |
        |- Store_first_block          |      128|      128|         2|          -|          -|    64|    no    |
        |- Store_second_block         |      128|      128|         2|          -|          -|    64|    no    |
        |- Transfrom                  |      630|      630|       315|          -|          -|     2|    no    |
        | + Load_Message_Schedule     |       32|       32|         2|          -|          -|    16|    no    |
        | + Extend_Message_Schedule   |      144|      144|         3|          -|          -|    48|    no    |
        | + Updates                   |      128|      128|         2|          -|          -|    64|    no    |
        |- Store_Input_2              |       64|       64|         2|          -|          -|    32|    no    |
        |- Append_Zero_2              |       30|       30|         1|          -|          -|    30|    no    |
        |- Append_Orignal_Size_2      |        8|        8|         1|          -|          -|     8|    no    |
        |- Load_Message_Schedule_2    |       32|       32|         2|          -|          -|    16|    no    |
        |- Extend_Message_Schedule_2  |      144|      144|         3|          -|          -|    48|    no    |
        |- Updates_2                  |      128|      128|         2|          -|          -|    64|    no    |
        |- Rewiring_Output            |       16|       16|         2|          -|          -|     8|    no    |
        +-----------------------------+---------+---------+----------+-----------+-----------+------+----------+



================================================================
== Utilization Estimates
================================================================
* Summary: 
+-----------------+---------+-------+--------+--------+-----+
|       Name      | BRAM_18K| DSP48E|   FF   |   LUT  | URAM|
+-----------------+---------+-------+--------+--------+-----+
|DSP              |        -|      -|       -|       -|    -|
|Expression       |        -|      -|       0|    3055|    -|
|FIFO             |        -|      -|       -|       -|    -|
|Instance         |        -|      -|       -|       -|    -|
|Memory           |        9|      -|      16|       8|    0|
|Multiplexer      |        -|      -|       -|    1001|    -|
|Register         |        -|      -|    1371|       -|    -|
+-----------------+---------+-------+--------+--------+-----+
|Total            |        9|      0|    1387|    4064|    0|
+-----------------+---------+-------+--------+--------+-----+
|Available        |      288|   1248|  234240|  117120|   64|
+-----------------+---------+-------+--------+--------+-----+
|Utilization (%)  |        3|      0|   ~0   |       3|    0|
+-----------------+---------+-------+--------+--------+-----+

+ Detail: 
    * Instance: 
    N/A

    * DSP48E: 
    N/A

    * Memory: 
    +-----------+-----------------+---------+----+----+-----+------+-----+------+-------------+
    |   Memory  |      Module     | BRAM_18K| FF | LUT| URAM| Words| Bits| Banks| W*Bits*Banks|
    +-----------+-----------------+---------+----+----+-----+------+-----+------+-------------+
    |K_V_U      |sha256d_K_V      |        1|   0|   0|    0|    64|   32|     1|         2048|
    |data1_V_U  |sha256d_data1_V  |        1|   0|   0|    0|   128|    8|     1|         1024|
    |data_V_U   |sha256d_data1_V  |        1|   0|   0|    0|   128|    8|     1|         1024|
    |data2_V_U  |sha256d_data2_V  |        0|  16|   8|    0|    64|    8|     1|          512|
    |m_V_U      |sha256d_m_V      |        2|   0|   0|    0|    64|   32|     1|         2048|
    |m_V_1_U    |sha256d_m_V      |        2|   0|   0|    0|    64|   32|     1|         2048|
    |state_V_U  |sha256d_state_V  |        2|   0|   0|    0|     8|   32|     1|          256|
    +-----------+-----------------+---------+----+----+-----+------+-----+------+-------------+
    |Total      |                 |        9|  16|   8|    0|   520|  152|     7|         8960|
    +-----------+-----------------+---------+----+----+-----+------+-----+------+-------------+

    * FIFO: 
    N/A

    * Expression: 
    +--------------------------+----------+-------+---+-----+------------+------------+
    |       Variable Name      | Operation| DSP48E| FF| LUT | Bitwidth P0| Bitwidth P1|
    +--------------------------+----------+-------+---+-----+------------+------------+
    |a_V_1_fu_1755_p2          |     +    |      0|  0|   32|          32|          32|
    |a_V_2_fu_2433_p2          |     +    |      0|  0|   32|          32|          32|
    |add_ln209_10_fu_2137_p2   |     +    |      0|  0|   32|          32|          32|
    |add_ln209_11_fu_2142_p2   |     +    |      0|  0|   39|          32|          32|
    |add_ln209_13_fu_2295_p2   |     +    |      0|  0|   32|          32|          32|
    |add_ln209_14_fu_2301_p2   |     +    |      0|  0|   32|          32|          32|
    |add_ln209_15_fu_2307_p2   |     +    |      0|  0|   32|          32|          32|
    |add_ln209_18_fu_2427_p2   |     +    |      0|  0|   32|          32|          32|
    |add_ln209_1_fu_1442_p2    |     +    |      0|  0|   39|          32|          32|
    |add_ln209_3_fu_1654_p2    |     +    |      0|  0|   32|          32|          32|
    |add_ln209_4_fu_1581_p2    |     +    |      0|  0|   32|          32|          32|
    |add_ln209_5_fu_1587_p2    |     +    |      0|  0|   32|          32|          32|
    |add_ln209_8_fu_1749_p2    |     +    |      0|  0|   32|          32|          32|
    |add_ln209_fu_1437_p2      |     +    |      0|  0|   32|          32|          32|
    |add_ln700_10_fu_1649_p2   |     +    |      0|  0|   39|          32|          32|
    |add_ln700_11_fu_1908_p2   |     +    |      0|  0|   15|           5|           1|
    |add_ln700_15_fu_2179_p2   |     +    |      0|  0|   39|          32|          31|
    |add_ln700_16_fu_2186_p2   |     +    |      0|  0|   39|          32|          32|
    |add_ln700_17_fu_2439_p2   |     +    |      0|  0|   39|          32|          30|
    |add_ln700_18_fu_2446_p2   |     +    |      0|  0|   39|          32|          32|
    |add_ln700_19_fu_2453_p2   |     +    |      0|  0|   39|          32|          31|
    |add_ln700_20_fu_2460_p2   |     +    |      0|  0|   39|          32|          32|
    |add_ln700_21_fu_2467_p2   |     +    |      0|  0|   39|          32|          29|
    |add_ln700_22_fu_2474_p2   |     +    |      0|  0|   39|          32|          31|
    |add_ln700_3_fu_1617_p2    |     +    |      0|  0|   39|          32|          32|
    |add_ln700_4_fu_1623_p2    |     +    |      0|  0|   39|          32|          32|
    |add_ln700_5_fu_1629_p2    |     +    |      0|  0|   39|          32|          32|
    |add_ln700_6_fu_1760_p2    |     +    |      0|  0|   39|          32|          32|
    |add_ln700_7_fu_1634_p2    |     +    |      0|  0|   39|          32|          32|
    |add_ln700_8_fu_1639_p2    |     +    |      0|  0|   39|          32|          32|
    |add_ln700_9_fu_1644_p2    |     +    |      0|  0|   39|          32|          32|
    |add_ln700_fu_1200_p2      |     +    |      0|  0|   15|           5|           1|
    |e_V_1_fu_1743_p2          |     +    |      0|  0|   39|          32|          32|
    |e_V_2_fu_2421_p2          |     +    |      0|  0|   39|          32|          32|
    |i_1_fu_1083_p2            |     +    |      0|  0|   15|           8|           1|
    |i_2_fu_1095_p2            |     +    |      0|  0|   12|           4|           1|
    |i_3_fu_1149_p2            |     +    |      0|  0|   15|           7|           1|
    |i_4_fu_1166_p2            |     +    |      0|  0|   15|           7|           1|
    |i_5_fu_1772_p2            |     +    |      0|  0|   15|           6|           1|
    |i_6_fu_1842_p2            |     +    |      0|  0|   15|           6|           1|
    |i_7_fu_1854_p2            |     +    |      0|  0|   12|           4|           1|
    |i_8_fu_2487_p2            |     +    |      0|  0|   12|           4|           1|
    |i_V_1_fu_1467_p2          |     +    |      0|  0|   15|           7|           1|
    |i_V_2_fu_2155_p2          |     +    |      0|  0|   15|           1|           7|
    |i_V_3_fu_2167_p2          |     +    |      0|  0|   15|           7|           1|
    |i_V_fu_1455_p2            |     +    |      0|  0|   15|           1|           7|
    |i_fu_1061_p2              |     +    |      0|  0|   15|           7|           1|
    |j_V_1_fu_1929_p2          |     +    |      0|  0|   15|           3|           7|
    |j_V_fu_1229_p2            |     +    |      0|  0|   15|           3|           7|
    |m_V_1_d1                  |     +    |      0|  0|   32|          32|          32|
    |m_V_d1                    |     +    |      0|  0|   32|          32|          32|
    |ret_V_11_fu_1287_p2       |     +    |      0|  0|   15|           6|           6|
    |ret_V_28_fu_1955_p2       |     +    |      0|  0|   15|           3|           6|
    |ret_V_2_fu_1255_p2        |     +    |      0|  0|   15|           3|           6|
    |ret_V_32_fu_1966_p2       |     +    |      0|  0|   15|           4|           6|
    |ret_V_33_fu_1977_p2       |     +    |      0|  0|   15|           5|           6|
    |ret_V_37_fu_1987_p2       |     +    |      0|  0|   15|           6|           6|
    |ret_V_6_fu_1266_p2        |     +    |      0|  0|   15|           4|           6|
    |ret_V_7_fu_1277_p2        |     +    |      0|  0|   15|           5|           6|
    |t1_V_1_fu_2313_p2         |     +    |      0|  0|   32|          32|          32|
    |t1_V_fu_1660_p2           |     +    |      0|  0|   32|          32|          32|
    |t_fu_1188_p2              |     +    |      0|  0|    9|           2|           1|
    |sub_ln115_fu_1810_p2      |     -    |      0|  0|   15|           5|           5|
    |ret_V_59_fu_1551_p2       |    and   |      0|  0|   32|          32|          32|
    |ret_V_60_fu_1563_p2       |    and   |      0|  0|   32|          32|          32|
    |ret_V_64_fu_1599_p2       |    and   |      0|  0|   32|          32|          32|
    |ret_V_65_fu_1605_p2       |    and   |      0|  0|   32|          32|          32|
    |ret_V_73_fu_2271_p2       |    and   |      0|  0|   32|          32|          32|
    |ret_V_74_fu_2283_p2       |    and   |      0|  0|   32|          32|          32|
    |ret_V_78_fu_2403_p2       |    and   |      0|  0|   32|          32|          32|
    |ret_V_79_fu_2409_p2       |    and   |      0|  0|   32|          32|          32|
    |icmp_ln114_fu_1766_p2     |   icmp   |      0|  0|   11|           6|           7|
    |icmp_ln119_fu_1831_p2     |   icmp   |      0|  0|   11|           6|           2|
    |icmp_ln124_fu_1848_p2     |   icmp   |      0|  0|   11|           4|           5|
    |icmp_ln143_fu_1945_p2     |   icmp   |      0|  0|   11|           7|           8|
    |icmp_ln177_fu_2481_p2     |   icmp   |      0|  0|   11|           4|           5|
    |icmp_ln49_fu_1055_p2      |   icmp   |      0|  0|   11|           7|           7|
    |icmp_ln54_fu_1072_p2      |   icmp   |      0|  0|   13|           8|           9|
    |icmp_ln59_fu_1089_p2      |   icmp   |      0|  0|   11|           4|           5|
    |icmp_ln64_fu_1143_p2      |   icmp   |      0|  0|   11|           7|           8|
    |icmp_ln67_fu_1160_p2      |   icmp   |      0|  0|   11|           7|           8|
    |icmp_ln72_fu_1182_p2      |   icmp   |      0|  0|    9|           2|           3|
    |icmp_ln77_fu_1245_p2      |   icmp   |      0|  0|   11|           7|           8|
    |icmp_ln887_1_fu_1461_p2   |   icmp   |      0|  0|   11|           7|           8|
    |icmp_ln887_2_fu_1902_p2   |   icmp   |      0|  0|   11|           5|           6|
    |icmp_ln887_3_fu_2161_p2   |   icmp   |      0|  0|   11|           7|           8|
    |icmp_ln887_fu_1194_p2     |   icmp   |      0|  0|   11|           5|           6|
    |lshr_ln1503_1_fu_1820_p2  |   lshr   |      0|  0|  101|          32|          32|
    |lshr_ln1503_2_fu_1891_p2  |   lshr   |      0|  0|   22|          10|           9|
    |lshr_ln1503_fu_1132_p2    |   lshr   |      0|  0|   22|          10|          10|
    |ret_V_26_fu_1918_p2       |    or    |      0|  0|    6|           6|           2|
    |ret_V_fu_1210_p2          |    or    |      0|  0|    6|           6|           2|
    |grp_fu_1048_p2            |    xor   |      0|  0|    8|           7|           8|
    |r_V_31_fu_1557_p2         |    xor   |      0|  0|   32|          32|           2|
    |r_V_34_fu_2277_p2         |    xor   |      0|  0|   32|          32|           2|
    |ret_V_10_fu_1431_p2       |    xor   |      0|  0|   32|          32|          32|
    |ret_V_15_fu_1545_p2       |    xor   |      0|  0|   32|          32|          32|
    |ret_V_18_fu_1569_p2       |    xor   |      0|  0|   32|          32|          32|
    |ret_V_22_fu_1737_p2       |    xor   |      0|  0|   32|          32|          32|
    |ret_V_25_fu_1611_p2       |    xor   |      0|  0|   32|          32|          32|
    |ret_V_31_fu_2061_p2       |    xor   |      0|  0|   32|          32|          32|
    |ret_V_36_fu_2131_p2       |    xor   |      0|  0|   32|          32|          32|
    |ret_V_41_fu_2265_p2       |    xor   |      0|  0|   32|          32|          32|
    |ret_V_44_fu_2289_p2       |    xor   |      0|  0|   32|          32|          32|
    |ret_V_48_fu_2391_p2       |    xor   |      0|  0|   32|          32|          32|
    |ret_V_51_fu_2415_p2       |    xor   |      0|  0|   32|          32|          32|
    |ret_V_5_fu_1361_p2        |    xor   |      0|  0|   32|          32|          32|
    |xor_ln125_fu_1860_p2      |    xor   |      0|  0|    4|           4|           2|
    |xor_ln1357_11_fu_2055_p2  |    xor   |      0|  0|   32|          32|          32|
    |xor_ln1357_13_fu_2125_p2  |    xor   |      0|  0|   32|          32|          32|
    |xor_ln1357_15_fu_2259_p2  |    xor   |      0|  0|   32|          32|          32|
    |xor_ln1357_18_fu_2385_p2  |    xor   |      0|  0|   32|          32|          32|
    |xor_ln1357_20_fu_2397_p2  |    xor   |      0|  0|   32|          32|          32|
    |xor_ln1357_2_fu_1425_p2   |    xor   |      0|  0|   32|          32|          32|
    |xor_ln1357_4_fu_1539_p2   |    xor   |      0|  0|   32|          32|          32|
    |xor_ln1357_7_fu_1731_p2   |    xor   |      0|  0|   32|          32|          32|
    |xor_ln1357_9_fu_1593_p2   |    xor   |      0|  0|   32|          32|          32|
    |xor_ln1357_fu_1355_p2     |    xor   |      0|  0|   32|          32|          32|
    |xor_ln60_fu_1101_p2       |    xor   |      0|  0|    4|           4|           2|
    +--------------------------+----------+-------+---+-----+------------+------------+
    |Total                     |          |      0|  0| 3055|        2476|        2373|
    +--------------------------+----------+-------+---+-----+------------+------------+

    * Multiplexer: 
    +--------------------+-----+-----------+-----+-----------+
    |        Name        | LUT | Input Size| Bits| Total Bits|
    +--------------------+-----+-----------+-----+-----------+
    |K_V_address0        |   15|          3|    6|         18|
    |ap_NS_fsm           |  193|         44|    1|         44|
    |data1_V_address0    |   38|          7|    7|         49|
    |data1_V_d0          |   27|          5|    8|         40|
    |data2_V_address0    |   33|          6|    6|         36|
    |data2_V_d0          |   27|          5|    8|         40|
    |data_V_address0     |   21|          4|    7|         28|
    |grp_fu_1048_p0      |   15|          3|    7|         21|
    |i13_0_reg_855       |    9|          2|    6|         12|
    |i14_0_reg_867       |    9|          2|    6|         12|
    |i15_0_reg_878       |    9|          2|    4|          8|
    |i2_0_reg_667        |    9|          2|    8|         16|
    |i30_0_reg_1037      |    9|          2|    4|          8|
    |i3_0_reg_678        |    9|          2|    4|          8|
    |i8_0_reg_689        |    9|          2|    7|         14|
    |i9_0_reg_700        |    9|          2|    7|         14|
    |i_0_reg_656         |    9|          2|    7|         14|
    |lhs_V_20_reg_770    |    9|          2|   32|         64|
    |lhs_V_21_reg_986    |    9|          2|   32|         64|
    |lhs_V_22_reg_935    |    9|          2|   32|         64|
    |lhs_V_reg_813       |    9|          2|   32|         64|
    |m_V_1_address0      |   27|          5|    6|         30|
    |m_V_1_address1      |   21|          4|    6|         24|
    |m_V_address0        |   27|          5|    6|         30|
    |m_V_address1        |   21|          4|    6|         24|
    |p_01375_0_reg_735   |    9|          2|    5|         10|
    |p_01375_1_reg_747   |    9|          2|    7|         14|
    |p_01375_2_reg_759   |    9|          2|    7|         14|
    |p_01859_0_reg_802   |    9|          2|   32|         64|
    |p_01894_0_reg_845   |    9|          2|   32|         64|
    |p_02150_0_reg_889   |    9|          2|    7|         14|
    |p_03004_0_reg_900   |    9|          2|    5|         10|
    |p_03004_1_reg_912   |    9|          2|    7|         14|
    |p_03004_2_reg_924   |    9|          2|    7|         14|
    |p_03491_0_reg_973   |    9|          2|   32|         64|
    |p_03526_0_reg_1024  |    9|          2|   32|         64|
    |p_0689_0_reg_724    |    9|          2|    7|         14|
    |rhs_V_30_reg_834    |    9|          2|   32|         64|
    |rhs_V_31_reg_780    |    9|          2|   32|         64|
    |rhs_V_32_reg_791    |    9|          2|   32|         64|
    |rhs_V_34_reg_998    |    9|          2|   32|         64|
    |rhs_V_35_reg_1011   |    9|          2|   32|         64|
    |rhs_V_36_reg_947    |    9|          2|   32|         64|
    |rhs_V_37_reg_960    |    9|          2|   32|         64|
    |rhs_V_reg_823       |    9|          2|   32|         64|
    |state_V_address0    |   59|         14|    3|         42|
    |state_V_address1    |   59|         14|    3|         42|
    |state_V_d0          |   56|         13|   32|        416|
    |state_V_d1          |   56|         13|   32|        416|
    |t_0_reg_712         |    9|          2|    2|          4|
    +--------------------+-----+-----------+-----+-----------+
    |Total               | 1001|        217|  763|       2538|
    +--------------------+-----+-----------+-----+-----------+

    * Register: 
    +------------------------+----+----+-----+-----------+
    |          Name          | FF | LUT| Bits| Const Bits|
    +------------------------+----+----+-----+-----------+
    |a_V_reg_2685            |  32|   0|   32|          0|
    |add_ln209_5_reg_2751    |  32|   0|   32|          0|
    |add_ln700_10_reg_2781   |  32|   0|   32|          0|
    |add_ln700_11_reg_2828   |   5|   0|    5|          0|
    |add_ln700_5_reg_2761    |  32|   0|   32|          0|
    |add_ln700_7_reg_2766    |  32|   0|   32|          0|
    |add_ln700_8_reg_2771    |  32|   0|   32|          0|
    |add_ln700_9_reg_2776    |  32|   0|   32|          0|
    |add_ln700_reg_2622      |   5|   0|    5|          0|
    |ap_CS_fsm               |  43|   0|   43|          0|
    |b_V_reg_2691            |  32|   0|   32|          0|
    |c_V_reg_2697            |  32|   0|   32|          0|
    |d_V_reg_2703            |  32|   0|   32|          0|
    |e_V_reg_2709            |  32|   0|   32|          0|
    |f_V_reg_2715            |  32|   0|   32|          0|
    |g_V_reg_2721            |  32|   0|   32|          0|
    |h_V_reg_2727            |  32|   0|   32|          0|
    |i13_0_reg_855           |   6|   0|    6|          0|
    |i14_0_reg_867           |   6|   0|    6|          0|
    |i15_0_reg_878           |   4|   0|    4|          0|
    |i2_0_reg_667            |   8|   0|    8|          0|
    |i30_0_reg_1037          |   4|   0|    4|          0|
    |i3_0_reg_678            |   4|   0|    4|          0|
    |i8_0_reg_689            |   7|   0|    7|          0|
    |i9_0_reg_700            |   7|   0|    7|          0|
    |i_0_reg_656             |   7|   0|    7|          0|
    |i_3_reg_2583            |   7|   0|    7|          0|
    |i_4_reg_2601            |   7|   0|    7|          0|
    |i_5_reg_2799            |   6|   0|    6|          0|
    |i_8_reg_2922            |   4|   0|    4|          0|
    |i_V_1_reg_2736          |   7|   0|    7|          0|
    |i_V_3_reg_2894          |   7|   0|    7|          0|
    |i_reg_2549              |   7|   0|    7|          0|
    |j_V_1_reg_2838          |   7|   0|    7|          0|
    |j_V_reg_2632            |   7|   0|    7|          0|
    |lhs_V_20_reg_770        |  32|   0|   32|          0|
    |lhs_V_21_reg_986        |  32|   0|   32|          0|
    |lhs_V_22_reg_935        |  32|   0|   32|          0|
    |lhs_V_reg_813           |  32|   0|   32|          0|
    |m_V_1_load_1_reg_2871   |  32|   0|   32|          0|
    |m_V_1_load_reg_2862     |  32|   0|   32|          0|
    |m_V_load_1_reg_2665     |  32|   0|   32|          0|
    |m_V_load_reg_2656       |  32|   0|   32|          0|
    |p_01375_0_reg_735       |   5|   0|    5|          0|
    |p_01375_1_reg_747       |   7|   0|    7|          0|
    |p_01375_2_reg_759       |   7|   0|    7|          0|
    |p_01859_0_reg_802       |  32|   0|   32|          0|
    |p_01894_0_reg_845       |  32|   0|   32|          0|
    |p_02150_0_reg_889       |   7|   0|    7|          0|
    |p_03004_0_reg_900       |   5|   0|    5|          0|
    |p_03004_1_reg_912       |   7|   0|    7|          0|
    |p_03004_2_reg_924       |   7|   0|    7|          0|
    |p_03491_0_reg_973       |  32|   0|   32|          0|
    |p_03526_0_reg_1024      |  32|   0|   32|          0|
    |p_0689_0_reg_724        |   7|   0|    7|          0|
    |ret_V_25_reg_2756       |  32|   0|   32|          0|
    |rhs_V_30_reg_834        |  32|   0|   32|          0|
    |rhs_V_31_reg_780        |  32|   0|   32|          0|
    |rhs_V_32_reg_791        |  32|   0|   32|          0|
    |rhs_V_34_reg_998        |  32|   0|   32|          0|
    |rhs_V_35_reg_1011       |  32|   0|   32|          0|
    |rhs_V_36_reg_947        |  32|   0|   32|          0|
    |rhs_V_37_reg_960        |  32|   0|   32|          0|
    |rhs_V_reg_823           |  32|   0|   32|          0|
    |t_0_reg_712             |   2|   0|    2|          0|
    |t_reg_2614              |   2|   0|    2|          0|
    |trunc_ln215_1_reg_2640  |   6|   0|    6|          0|
    |trunc_ln215_3_reg_2846  |   6|   0|    6|          0|
    |zext_ln178_reg_2927     |   4|   0|   64|         60|
    |zext_ln50_reg_2554      |   7|   0|   64|         57|
    |zext_ln65_reg_2588      |   7|   0|   64|         57|
    +------------------------+----+----+-----+-----------+
    |Total                   |1371|   0| 1545|        174|
    +------------------------+----+----+-----+-----------+



================================================================
== Interface
================================================================
* Summary: 
+-------------------+-----+-----+------------+--------------+--------------+
|     RTL Ports     | Dir | Bits|  Protocol  | Source Object|    C Type    |
+-------------------+-----+-----+------------+--------------+--------------+
|ap_clk             |  in |    1| ap_ctrl_hs |    sha256d   | return value |
|ap_rst             |  in |    1| ap_ctrl_hs |    sha256d   | return value |
|ap_start           |  in |    1| ap_ctrl_hs |    sha256d   | return value |
|ap_done            | out |    1| ap_ctrl_hs |    sha256d   | return value |
|ap_idle            | out |    1| ap_ctrl_hs |    sha256d   | return value |
|ap_ready           | out |    1| ap_ctrl_hs |    sha256d   | return value |
|input_V_address0   | out |    7|  ap_memory |    input_V   |     array    |
|input_V_ce0        | out |    1|  ap_memory |    input_V   |     array    |
|input_V_q0         |  in |    8|  ap_memory |    input_V   |     array    |
|output_V_address0  | out |    3|  ap_memory |   output_V   |     array    |
|output_V_ce0       | out |    1|  ap_memory |   output_V   |     array    |
|output_V_we0       | out |    1|  ap_memory |   output_V   |     array    |
|output_V_d0        | out |   32|  ap_memory |   output_V   |     array    |
+-------------------+-----+-----+------------+--------------+--------------+

