

================================================================
== Vivado HLS Report for 'sha256d'
================================================================
* Date:           Sat Jul 27 14:17:04 2024

* Version:        2020.1 (Build 2897737 on Wed May 27 20:21:37 MDT 2020)
* Project:        sha256d
* Solution:       solution1
* Product family: zynquplus
* Target device:  xqzu5ev-ffrb900-1-i


================================================================
== Performance Estimates
================================================================
+ Timing: 
    * Summary: 
    +--------+----------+----------+------------+
    |  Clock |  Target  | Estimated| Uncertainty|
    +--------+----------+----------+------------+
    |ap_clk  | 10.00 ns | 4.796 ns |   1.25 ns  |
    +--------+----------+----------+------------+

+ Latency: 
    * Summary: 
    +---------+---------+-----------+-----------+------+------+---------+
    |  Latency (cycles) |   Latency (absolute)  |   Interval  | Pipeline|
    |   min   |   max   |    min    |    max    |  min |  max |   Type  |
    +---------+---------+-----------+-----------+------+------+---------+
    |     1698|     1698| 16.980 us | 16.980 us |  1698|  1698|   none  |
    +---------+---------+-----------+-----------+------+------+---------+

    + Detail: 
        * Instance: 
        +-------------------------------+--------------------+---------+---------+----------+----------+-----+-----+---------+
        |                               |                    |  Latency (cycles) |  Latency (absolute) |  Interval | Pipeline|
        |            Instance           |       Module       |   min   |   max   |    min   |    max   | min | max |   Type  |
        +-------------------------------+--------------------+---------+---------+----------+----------+-----+-----+---------+
        |grp_sha256_transform_fu_313    |sha256_transform    |      314|      314| 3.140 us | 3.140 us |  314|  314|   none  |
        |grp_sha256_transform_1_fu_324  |sha256_transform_1  |      314|      314| 3.140 us | 3.140 us |  314|  314|   none  |
        |grp_sha256_prepare_1_fu_332    |sha256_prepare_1    |      476|      476| 4.760 us | 4.760 us |  476|  476|   none  |
        |grp_sha256_prepare_2_fu_339    |sha256_prepare_2    |      234|      234| 2.340 us | 2.340 us |  234|  234|   none  |
        +-------------------------------+--------------------+---------+---------+----------+----------+-----+-----+---------+

        * Loop: 
        +----------+---------+---------+----------+-----------+-----------+------+----------+
        |          |  Latency (cycles) | Iteration|  Initiation Interval  | Trip |          |
        | Loop Name|   min   |   max   |  Latency |  achieved |   target  | Count| Pipelined|
        +----------+---------+---------+----------+-----------+-----------+------+----------+
        |- Loop 1  |       16|       16|         2|          -|          -|     8|    no    |
        |- Loop 2  |       16|       16|         2|          -|          -|     8|    no    |
        +----------+---------+---------+----------+-----------+-----------+------+----------+



================================================================
== Utilization Estimates
================================================================
* Summary: 
+-----------------+---------+-------+--------+--------+-----+
|       Name      | BRAM_18K| DSP48E|   FF   |   LUT  | URAM|
+-----------------+---------+-------+--------+--------+-----+
|DSP              |        -|      -|       -|       -|    -|
|Expression       |        -|      -|       0|      46|    -|
|FIFO             |        -|      -|       -|       -|    -|
|Instance         |        7|      -|    1875|    4092|    0|
|Memory           |        5|      -|      80|      12|    0|
|Multiplexer      |        -|      -|       -|     624|    -|
|Register         |        -|      -|      45|       -|    -|
+-----------------+---------+-------+--------+--------+-----+
|Total            |       12|      0|    2000|    4774|    0|
+-----------------+---------+-------+--------+--------+-----+
|Available        |      288|   1248|  234240|  117120|   64|
+-----------------+---------+-------+--------+--------+-----+
|Utilization (%)  |        4|      0|   ~0   |       4|    0|
+-----------------+---------+-------+--------+--------+-----+

+ Detail: 
    * Instance: 
    +-------------------------------+--------------------+---------+-------+-----+------+-----+
    |            Instance           |       Module       | BRAM_18K| DSP48E|  FF |  LUT | URAM|
    +-------------------------------+--------------------+---------+-------+-----+------+-----+
    |grp_sha256_prepare_1_fu_332    |sha256_prepare_1    |        1|      0|   77|   350|    0|
    |grp_sha256_prepare_2_fu_339    |sha256_prepare_2    |        0|      0|   66|   388|    0|
    |grp_sha256_transform_fu_313    |sha256_transform    |        3|      0|  866|  1677|    0|
    |grp_sha256_transform_1_fu_324  |sha256_transform_1  |        3|      0|  866|  1677|    0|
    +-------------------------------+--------------------+---------+-------+-----+------+-----+
    |Total                          |                    |        7|      0| 1875|  4092|    0|
    +-------------------------------+--------------------+---------+-------+-----+------+-----+

    * DSP48E: 
    N/A

    * Memory: 
    +-------------+----------------------+---------+----+----+-----+------+-----+------+-------------+
    |    Memory   |        Module        | BRAM_18K| FF | LUT| URAM| Words| Bits| Banks| W*Bits*Banks|
    +-------------+----------------------+---------+----+----+-----+------+-----+------+-------------+
    |data_V_U     |sha256_prepare_1_bkb  |        1|   0|   0|    0|   128|    8|     1|         1024|
    |data_V_1_U   |sha256_prepare_2_eOg  |        0|  16|   8|    0|    64|    8|     1|          512|
    |hash1_V_U    |sha256d_hash1_V       |        0|  64|   4|    0|     8|   32|     1|          256|
    |hash1_V_2_U  |sha256d_hash1_V_2     |        2|   0|   0|    0|     8|   32|     1|          256|
    |hash1_V_1_U  |sha256d_hash1_V_2     |        2|   0|   0|    0|     8|   32|     1|          256|
    +-------------+----------------------+---------+----+----+-----+------+-----+------+-------------+
    |Total        |                      |        5|  80|  12|    0|   216|  112|     5|         2304|
    +-------------+----------------------+---------+----+----+-----+------+-----+------+-------------+

    * FIFO: 
    N/A

    * Expression: 
    +----------------------+----------+-------+---+----+------------+------------+
    |     Variable Name    | Operation| DSP48E| FF| LUT| Bitwidth P0| Bitwidth P1|
    +----------------------+----------+-------+---+----+------------+------------+
    |i_1_fu_368_p2         |     +    |      0|  0|  12|           4|           1|
    |i_fu_351_p2           |     +    |      0|  0|  12|           4|           1|
    |icmp_ln125_fu_345_p2  |   icmp   |      0|  0|  11|           4|           5|
    |icmp_ln162_fu_362_p2  |   icmp   |      0|  0|  11|           4|           5|
    +----------------------+----------+-------+---+----+------------+------------+
    |Total                 |          |      0|  0|  46|          16|          12|
    +----------------------+----------+-------+---+----+------------+------------+

    * Multiplexer: 
    +-------------------------------------------+----+-----------+-----+-----------+
    |                    Name                   | LUT| Input Size| Bits| Total Bits|
    +-------------------------------------------+----+-----------+-----+-----------+
    |ap_NS_fsm                                  |  89|         18|    1|         18|
    |data_V_1_address0                          |  15|          3|    6|         18|
    |data_V_1_ce0                               |  15|          3|    1|          3|
    |data_V_1_we0                               |   9|          2|    1|          2|
    |data_V_address0                            |  15|          3|    7|         21|
    |data_V_ce0                                 |  15|          3|    1|          3|
    |data_V_we0                                 |   9|          2|    1|          2|
    |grp_sha256_transform_fu_313_data_V_offset  |  15|          3|    1|          3|
    |hash1_V_1_address0                         |  38|          7|    3|         21|
    |hash1_V_1_address1                         |  33|          6|    3|         18|
    |hash1_V_1_ce0                              |  15|          3|    1|          3|
    |hash1_V_1_ce1                              |  15|          3|    1|          3|
    |hash1_V_1_d0                               |  33|          6|   32|        192|
    |hash1_V_1_d1                               |  33|          6|   32|        192|
    |hash1_V_1_we0                              |  15|          3|    1|          3|
    |hash1_V_1_we1                              |  15|          3|    1|          3|
    |hash1_V_2_address0                         |  38|          7|    3|         21|
    |hash1_V_2_address1                         |  33|          6|    3|         18|
    |hash1_V_2_ce0                              |  15|          3|    1|          3|
    |hash1_V_2_ce1                              |  15|          3|    1|          3|
    |hash1_V_2_d0                               |  33|          6|   32|        192|
    |hash1_V_2_d1                               |  33|          6|   32|        192|
    |hash1_V_2_we0                              |  15|          3|    1|          3|
    |hash1_V_2_we1                              |  15|          3|    1|          3|
    |hash1_V_address0                           |  15|          3|    3|          9|
    |hash1_V_ce0                                |  15|          3|    1|          3|
    |i_0_i12_reg_302                            |   9|          2|    4|          8|
    |i_0_i_reg_291                              |   9|          2|    4|          8|
    +-------------------------------------------+----+-----------+-----+-----------+
    |Total                                      | 624|        121|  179|        968|
    +-------------------------------------------+----+-----------+-----+-----------+

    * Register: 
    +--------------------------------------------+----+----+-----+-----------+
    |                    Name                    | FF | LUT| Bits| Const Bits|
    +--------------------------------------------+----+----+-----+-----------+
    |ap_CS_fsm                                   |  17|   0|   17|          0|
    |grp_sha256_prepare_1_fu_332_ap_start_reg    |   1|   0|    1|          0|
    |grp_sha256_prepare_2_fu_339_ap_start_reg    |   1|   0|    1|          0|
    |grp_sha256_transform_1_fu_324_ap_start_reg  |   1|   0|    1|          0|
    |grp_sha256_transform_fu_313_ap_start_reg    |   1|   0|    1|          0|
    |i_0_i12_reg_302                             |   4|   0|    4|          0|
    |i_0_i_reg_291                               |   4|   0|    4|          0|
    |i_1_reg_400                                 |   4|   0|    4|          0|
    |i_reg_382                                   |   4|   0|    4|          0|
    |zext_ln126_reg_387                          |   4|   0|   64|         60|
    |zext_ln163_reg_405                          |   4|   0|   64|         60|
    +--------------------------------------------+----+----+-----+-----------+
    |Total                                       |  45|   0|  165|        120|
    +--------------------------------------------+----+----+-----+-----------+



================================================================
== Interface
================================================================
* Summary: 
+-------------------+-----+-----+------------+--------------+--------------+
|     RTL Ports     | Dir | Bits|  Protocol  | Source Object|    C Type    |
+-------------------+-----+-----+------------+--------------+--------------+
|ap_clk             |  in |    1| ap_ctrl_hs |    sha256d   | return value |
|ap_rst             |  in |    1| ap_ctrl_hs |    sha256d   | return value |
|ap_start           |  in |    1| ap_ctrl_hs |    sha256d   | return value |
|ap_done            | out |    1| ap_ctrl_hs |    sha256d   | return value |
|ap_idle            | out |    1| ap_ctrl_hs |    sha256d   | return value |
|ap_ready           | out |    1| ap_ctrl_hs |    sha256d   | return value |
|input_V_address0   | out |    7|  ap_memory |    input_V   |     array    |
|input_V_ce0        | out |    1|  ap_memory |    input_V   |     array    |
|input_V_q0         |  in |    8|  ap_memory |    input_V   |     array    |
|output_V_address0  | out |    3|  ap_memory |   output_V   |     array    |
|output_V_ce0       | out |    1|  ap_memory |   output_V   |     array    |
|output_V_we0       | out |    1|  ap_memory |   output_V   |     array    |
|output_V_d0        | out |   32|  ap_memory |   output_V   |     array    |
+-------------------+-----+-----+------------+--------------+--------------+

