

================================================================
== Vivado HLS Report for 'sha256_transform'
================================================================
* Date:           Sat Jul 27 14:17:03 2024

* Version:        2020.1 (Build 2897737 on Wed May 27 20:21:37 MDT 2020)
* Project:        sha256d
* Solution:       solution1
* Product family: zynquplus
* Target device:  xqzu5ev-ffrb900-1-i


================================================================
== Performance Estimates
================================================================
+ Timing: 
    * Summary: 
    +--------+----------+----------+------------+
    |  Clock |  Target  | Estimated| Uncertainty|
    +--------+----------+----------+------------+
    |ap_clk  | 10.00 ns | 4.796 ns |   1.25 ns  |
    +--------+----------+----------+------------+

+ Latency: 
    * Summary: 
    +---------+---------+----------+----------+-----+-----+---------+
    |  Latency (cycles) |  Latency (absolute) |  Interval | Pipeline|
    |   min   |   max   |    min   |    max   | min | max |   Type  |
    +---------+---------+----------+----------+-----+-----+---------+
    |      314|      314| 3.140 us | 3.140 us |  314|  314|   none  |
    +---------+---------+----------+----------+-----+-----+---------+

    + Detail: 
        * Instance: 
        N/A

        * Loop: 
        +----------+---------+---------+----------+-----------+-----------+------+----------+
        |          |  Latency (cycles) | Iteration|  Initiation Interval  | Trip |          |
        | Loop Name|   min   |   max   |  Latency |  achieved |   target  | Count| Pipelined|
        +----------+---------+---------+----------+-----------+-----------+------+----------+
        |- Loop 1  |       32|       32|         2|          -|          -|    16|    no    |
        |- Loop 2  |      144|      144|         3|          -|          -|    48|    no    |
        |- Loop 3  |      128|      128|         2|          -|          -|    64|    no    |
        +----------+---------+---------+----------+-----------+-----------+------+----------+



================================================================
== Utilization Estimates
================================================================
* Summary: 
+-----------------+---------+-------+--------+--------+-----+
|       Name      | BRAM_18K| DSP48E|   FF   |   LUT  | URAM|
+-----------------+---------+-------+--------+--------+-----+
|DSP              |        -|      -|       -|       -|    -|
|Expression       |        -|      -|       0|    1317|    -|
|FIFO             |        -|      -|       -|       -|    -|
|Instance         |        -|      -|       -|       -|    -|
|Memory           |        3|      -|       0|       0|    0|
|Multiplexer      |        -|      -|       -|     360|    -|
|Register         |        -|      -|     866|       -|    -|
+-----------------+---------+-------+--------+--------+-----+
|Total            |        3|      0|     866|    1677|    0|
+-----------------+---------+-------+--------+--------+-----+
|Available        |      288|   1248|  234240|  117120|   64|
+-----------------+---------+-------+--------+--------+-----+
|Utilization (%)  |        1|      0|   ~0   |       1|    0|
+-----------------+---------+-------+--------+--------+-----+

+ Detail: 
    * Instance: 
    N/A

    * DSP48E: 
    N/A

    * Memory: 
    +-------+----------------------+---------+---+----+-----+------+-----+------+-------------+
    | Memory|        Module        | BRAM_18K| FF| LUT| URAM| Words| Bits| Banks| W*Bits*Banks|
    +-------+----------------------+---------+---+----+-----+------+-----+------+-------------+
    |K_V_U  |sha256_transform_cud  |        1|  0|   0|    0|    64|   32|     1|         2048|
    |m_V_U  |sha256_transform_dEe  |        2|  0|   0|    0|    64|   32|     1|         2048|
    +-------+----------------------+---------+---+----+-----+------+-----+------+-------------+
    |Total  |                      |        3|  0|   0|    0|   128|   64|     2|         4096|
    +-------+----------------------+---------+---+----+-----+------+-----+------+-------------+

    * FIFO: 
    N/A

    * Expression: 
    +-------------------------+----------+-------+---+----+------------+------------+
    |      Variable Name      | Operation| DSP48E| FF| LUT| Bitwidth P0| Bitwidth P1|
    +-------------------------+----------+-------+---+----+------------+------------+
    |a_V_2_fu_999_p2          |     +    |      0|  0|  32|          32|          32|
    |add_ln209_10_fu_686_p2   |     +    |      0|  0|  39|          32|          32|
    |add_ln209_11_fu_898_p2   |     +    |      0|  0|  32|          32|          32|
    |add_ln209_12_fu_825_p2   |     +    |      0|  0|  32|          32|          32|
    |add_ln209_13_fu_831_p2   |     +    |      0|  0|  32|          32|          32|
    |add_ln209_16_fu_993_p2   |     +    |      0|  0|  32|          32|          32|
    |add_ln209_fu_681_p2      |     +    |      0|  0|  32|          32|          32|
    |add_ln700_10_fu_893_p2   |     +    |      0|  0|  39|          32|          32|
    |add_ln700_3_fu_861_p2    |     +    |      0|  0|  39|          32|          32|
    |add_ln700_4_fu_867_p2    |     +    |      0|  0|  39|          32|          32|
    |add_ln700_5_fu_873_p2    |     +    |      0|  0|  39|          32|          32|
    |add_ln700_6_fu_1004_p2   |     +    |      0|  0|  39|          32|          32|
    |add_ln700_7_fu_878_p2    |     +    |      0|  0|  39|          32|          32|
    |add_ln700_8_fu_883_p2    |     +    |      0|  0|  39|          32|          32|
    |add_ln700_9_fu_888_p2    |     +    |      0|  0|  39|          32|          32|
    |add_ln700_fu_445_p2      |     +    |      0|  0|  15|           5|           1|
    |e_V_2_fu_987_p2          |     +    |      0|  0|  39|          32|          32|
    |i_V_2_fu_711_p2          |     +    |      0|  0|  15|           7|           1|
    |i_V_fu_699_p2            |     +    |      0|  0|  15|           1|           7|
    |j_V_fu_473_p2            |     +    |      0|  0|  15|           3|           7|
    |m_V_d1                   |     +    |      0|  0|  32|          32|          32|
    |ret_V_41_fu_499_p2       |     +    |      0|  0|  15|           3|           6|
    |ret_V_45_fu_510_p2       |     +    |      0|  0|  15|           4|           6|
    |ret_V_46_fu_521_p2       |     +    |      0|  0|  15|           5|           6|
    |ret_V_50_fu_531_p2       |     +    |      0|  0|  15|           6|           6|
    |t1_V_fu_904_p2           |     +    |      0|  0|  32|          32|          32|
    |ret_V_72_fu_795_p2       |    and   |      0|  0|  32|          32|          32|
    |ret_V_73_fu_807_p2       |    and   |      0|  0|  32|          32|          32|
    |ret_V_77_fu_843_p2       |    and   |      0|  0|  32|          32|          32|
    |ret_V_78_fu_849_p2       |    and   |      0|  0|  32|          32|          32|
    |icmp_ln40_fu_489_p2      |   icmp   |      0|  0|  11|           7|           8|
    |icmp_ln887_1_fu_705_p2   |   icmp   |      0|  0|  11|           7|           8|
    |icmp_ln887_fu_439_p2     |   icmp   |      0|  0|  11|           5|           6|
    |ret_V_fu_455_p2          |    or    |      0|  0|   6|           6|           2|
    |r_V_26_fu_801_p2         |    xor   |      0|  0|  32|          32|           2|
    |ret_V_44_fu_605_p2       |    xor   |      0|  0|  32|          32|          32|
    |ret_V_49_fu_675_p2       |    xor   |      0|  0|  32|          32|          32|
    |ret_V_54_fu_789_p2       |    xor   |      0|  0|  32|          32|          32|
    |ret_V_57_fu_813_p2       |    xor   |      0|  0|  32|          32|          32|
    |ret_V_61_fu_981_p2       |    xor   |      0|  0|  32|          32|          32|
    |ret_V_64_fu_855_p2       |    xor   |      0|  0|  32|          32|          32|
    |xor_ln1357_12_fu_669_p2  |    xor   |      0|  0|  32|          32|          32|
    |xor_ln1357_14_fu_783_p2  |    xor   |      0|  0|  32|          32|          32|
    |xor_ln1357_17_fu_975_p2  |    xor   |      0|  0|  32|          32|          32|
    |xor_ln1357_9_fu_837_p2   |    xor   |      0|  0|  32|          32|          32|
    |xor_ln1357_fu_599_p2     |    xor   |      0|  0|  32|          32|          32|
    +-------------------------+----------+-------+---+----+------------+------------+
    |Total                    |          |      0|  0|1317|        1147|        1122|
    +-------------------------+----------+-------+---+----+------------+------------+

    * Multiplexer: 
    +-------------------+----+-----------+-----+-----------+
    |        Name       | LUT| Input Size| Bits| Total Bits|
    +-------------------+----+-----------+-----+-----------+
    |ap_NS_fsm          |  65|         16|    1|         16|
    |lhs_V_20_reg_354   |   9|          2|   32|         64|
    |lhs_V_reg_397      |   9|          2|   32|         64|
    |m_V_address0       |  27|          5|    6|         30|
    |m_V_address1       |  21|          4|    6|         24|
    |p_01115_0_reg_319  |   9|          2|    5|         10|
    |p_01115_1_reg_331  |   9|          2|    7|         14|
    |p_01115_2_reg_343  |   9|          2|    7|         14|
    |p_01439_0_reg_429  |   9|          2|   32|         64|
    |p_01587_0_reg_386  |   9|          2|   32|         64|
    |p_0262_0_reg_308   |   9|          2|    7|         14|
    |rhs_V_32_reg_418   |   9|          2|   32|         64|
    |rhs_V_33_reg_364   |   9|          2|   32|         64|
    |rhs_V_34_reg_375   |   9|          2|   32|         64|
    |rhs_V_reg_407      |   9|          2|   32|         64|
    |state_V_address0   |  41|          8|    3|         24|
    |state_V_address1   |  44|          9|    3|         27|
    |state_V_d0         |  27|          5|   32|        160|
    |state_V_d1         |  27|          5|   32|        160|
    +-------------------+----+-----------+-----+-----------+
    |Total              | 360|         76|  365|       1005|
    +-------------------+----+-----------+-----+-----------+

    * Register: 
    +------------------------+----+----+-----+-----------+
    |          Name          | FF | LUT| Bits| Const Bits|
    +------------------------+----+----+-----+-----------+
    |a_V_reg_1091            |  32|   0|   32|          0|
    |add_ln209_13_reg_1187   |  32|   0|   32|          0|
    |add_ln700_10_reg_1217   |  32|   0|   32|          0|
    |add_ln700_5_reg_1197    |  32|   0|   32|          0|
    |add_ln700_7_reg_1202    |  32|   0|   32|          0|
    |add_ln700_8_reg_1207    |  32|   0|   32|          0|
    |add_ln700_9_reg_1212    |  32|   0|   32|          0|
    |add_ln700_reg_1023      |   5|   0|    5|          0|
    |ap_CS_fsm               |  15|   0|   15|          0|
    |b_V_reg_1097            |  32|   0|   32|          0|
    |c_V_reg_1113            |  32|   0|   32|          0|
    |d_V_reg_1119            |  32|   0|   32|          0|
    |e_V_reg_1135            |  32|   0|   32|          0|
    |f_V_reg_1141            |  32|   0|   32|          0|
    |g_V_reg_1157            |  32|   0|   32|          0|
    |h_V_reg_1163            |  32|   0|   32|          0|
    |i_V_2_reg_1172          |   7|   0|    7|          0|
    |j_V_reg_1033            |   7|   0|    7|          0|
    |lhs_V_20_reg_354        |  32|   0|   32|          0|
    |lhs_V_reg_397           |  32|   0|   32|          0|
    |m_V_load_1_reg_1071     |  32|   0|   32|          0|
    |m_V_load_reg_1062       |  32|   0|   32|          0|
    |p_01115_0_reg_319       |   5|   0|    5|          0|
    |p_01115_1_reg_331       |   7|   0|    7|          0|
    |p_01115_2_reg_343       |   7|   0|    7|          0|
    |p_01439_0_reg_429       |  32|   0|   32|          0|
    |p_01587_0_reg_386       |  32|   0|   32|          0|
    |p_0262_0_reg_308        |   7|   0|    7|          0|
    |ret_V_64_reg_1192       |  32|   0|   32|          0|
    |rhs_V_32_reg_418        |  32|   0|   32|          0|
    |rhs_V_33_reg_364        |  32|   0|   32|          0|
    |rhs_V_34_reg_375        |  32|   0|   32|          0|
    |rhs_V_reg_407           |  32|   0|   32|          0|
    |trunc_ln215_2_reg_1041  |   6|   0|    6|          0|
    +------------------------+----+----+-----+-----------+
    |Total                   | 866|   0|  866|          0|
    +------------------------+----+----+-----+-----------+



================================================================
== Interface
================================================================
* Summary: 
+------------------+-----+-----+------------+------------------+--------------+
|     RTL Ports    | Dir | Bits|  Protocol  |   Source Object  |    C Type    |
+------------------+-----+-----+------------+------------------+--------------+
|ap_clk            |  in |    1| ap_ctrl_hs | sha256_transform | return value |
|ap_rst            |  in |    1| ap_ctrl_hs | sha256_transform | return value |
|ap_start          |  in |    1| ap_ctrl_hs | sha256_transform | return value |
|ap_done           | out |    1| ap_ctrl_hs | sha256_transform | return value |
|ap_idle           | out |    1| ap_ctrl_hs | sha256_transform | return value |
|ap_ready          | out |    1| ap_ctrl_hs | sha256_transform | return value |
|state_V_address0  | out |    3|  ap_memory |      state_V     |     array    |
|state_V_ce0       | out |    1|  ap_memory |      state_V     |     array    |
|state_V_we0       | out |    1|  ap_memory |      state_V     |     array    |
|state_V_d0        | out |   32|  ap_memory |      state_V     |     array    |
|state_V_q0        |  in |   32|  ap_memory |      state_V     |     array    |
|state_V_address1  | out |    3|  ap_memory |      state_V     |     array    |
|state_V_ce1       | out |    1|  ap_memory |      state_V     |     array    |
|state_V_we1       | out |    1|  ap_memory |      state_V     |     array    |
|state_V_d1        | out |   32|  ap_memory |      state_V     |     array    |
|state_V_q1        |  in |   32|  ap_memory |      state_V     |     array    |
|data_V_address0   | out |    7|  ap_memory |      data_V      |     array    |
|data_V_ce0        | out |    1|  ap_memory |      data_V      |     array    |
|data_V_q0         |  in |    8|  ap_memory |      data_V      |     array    |
|data_V_offset     |  in |    1|   ap_none  |   data_V_offset  |    scalar    |
+------------------+-----+-----+------------+------------------+--------------+

