

================================================================
== Vivado HLS Report for 'sha256d'
================================================================
* Date:           Sat Jul 27 14:17:03 2024

* Version:        2020.1 (Build 2897737 on Wed May 27 20:21:37 MDT 2020)
* Project:        sha256d
* Solution:       solution1
* Product family: zynquplus
* Target device:  xqzu5ev-ffrb900-1-i


================================================================
== Performance Estimates
================================================================
+ Timing: 
    * Summary: 
    +--------+----------+----------+------------+
    |  Clock |  Target  | Estimated| Uncertainty|
    +--------+----------+----------+------------+
    |ap_clk  | 10.00 ns | 4.796 ns |   1.25 ns  |
    +--------+----------+----------+------------+

+ Latency: 
    * Summary: 
    +---------+---------+-----------+-----------+------+------+---------+
    |  Latency (cycles) |   Latency (absolute)  |   Interval  | Pipeline|
    |   min   |   max   |    min    |    max    |  min |  max |   Type  |
    +---------+---------+-----------+-----------+------+------+---------+
    |     1698|     1698| 16.980 us | 16.980 us |  1698|  1698|   none  |
    +---------+---------+-----------+-----------+------+------+---------+

    + Detail: 
        * Instance: 
        N/A

        * Loop: 
        +----------+---------+---------+----------+-----------+-----------+------+----------+
        |          |  Latency (cycles) | Iteration|  Initiation Interval  | Trip |          |
        | Loop Name|   min   |   max   |  Latency |  achieved |   target  | Count| Pipelined|
        +----------+---------+---------+----------+-----------+-----------+------+----------+
        |- Loop 1  |       16|       16|         2|          -|          -|     8|    no    |
        |- Loop 2  |       16|       16|         2|          -|          -|     8|    no    |
        +----------+---------+---------+----------+-----------+-----------+------+----------+

============================================================
+ Verbose Summary: Synthesis Manager
============================================================
InlineROM: 1
ExposeGlobal: 0
============================================================
+ Verbose Summary: CDFG Model
============================================================
IsTopModel: 1
ResetActiveHigh: 1
IsCombinational: 0
IsDatapathOnly: 0
HasWiredReturn: 1
HasMFsm: 0
HasVarLatency: 1
IsPipeline: 0
IsRtlPipelined: 0
IsInstanceOverlapped: 0
IsDontTouch: 0
HasImplIP: 0
IsGatedGlobalClock: 0


============================================================
+ Verbose Summary: Schedule
============================================================
* Number of FSM states : 17
* Pipeline : 0
* Dataflow Pipeline: 0

* FSM state transitions: 
1 --> 2 
2 --> 3 
3 --> 4 
4 --> 5 
5 --> 6 
6 --> 7 
7 --> 8 
8 --> 9 
9 --> 10 11 
10 --> 9 
11 --> 12 
12 --> 13 
13 --> 14 
14 --> 15 
15 --> 16 
16 --> 17 
17 --> 16 

* FSM state operations: 

State 1 <SV = 0> <Delay = 0.79>
ST_1 : Operation 18 [1/1] (0.00ns)   --->   "%hash1_V_2 = alloca [8 x i32], align 4" [sha256d/sha256d.cpp:156->sha256d/sha256d.cpp:170]   --->   Operation 18 'alloca' 'hash1_V_2' <Predicate = true> <Delay = 0.00> <Core = "RAM">   --->   Core 37 'RAM' <Latency = 1> <II = 1> <Delay = 0.79> <Storage> <Opcode : 'load' 'store'> <Ports = 2> <Width = 32> <Depth = 8> <RAM>
ST_1 : Operation 19 [1/1] (0.00ns)   --->   "%data_V_1 = alloca [64 x i8], align 1" [sha256d/sha256d.cpp:158->sha256d/sha256d.cpp:170]   --->   Operation 19 'alloca' 'data_V_1' <Predicate = true> <Delay = 0.00>
ST_1 : Operation 20 [1/1] (0.00ns)   --->   "%hash1_V_1 = alloca [8 x i32], align 4" [sha256d/sha256d.cpp:118->sha256d/sha256d.cpp:169]   --->   Operation 20 'alloca' 'hash1_V_1' <Predicate = true> <Delay = 0.00> <Core = "RAM">   --->   Core 37 'RAM' <Latency = 1> <II = 1> <Delay = 0.79> <Storage> <Opcode : 'load' 'store'> <Ports = 2> <Width = 32> <Depth = 8> <RAM>
ST_1 : Operation 21 [1/1] (0.00ns)   --->   "%data_V = alloca [128 x i8], align 1" [sha256d/sha256d.cpp:120->sha256d/sha256d.cpp:169]   --->   Operation 21 'alloca' 'data_V' <Predicate = true> <Delay = 0.00>
ST_1 : Operation 22 [1/1] (0.00ns)   --->   "%hash1_V = alloca [8 x i32], align 4" [sha256d/sha256d.cpp:168]   --->   Operation 22 'alloca' 'hash1_V' <Predicate = true> <Delay = 0.00> <Core = "RAM">   --->   Core 37 'RAM' <Latency = 1> <II = 1> <Delay = 0.79> <Storage> <Opcode : 'load' 'store'> <Ports = 2> <Width = 32> <Depth = 8> <RAM>
ST_1 : Operation 23 [1/1] (0.00ns)   --->   "%hash1_V_1_addr = getelementptr [8 x i32]* %hash1_V_1, i64 0, i64 0" [sha256d/sha256d.cpp:76->sha256d/sha256d.cpp:119->sha256d/sha256d.cpp:169]   --->   Operation 23 'getelementptr' 'hash1_V_1_addr' <Predicate = true> <Delay = 0.00>
ST_1 : Operation 24 [1/1] (0.79ns)   --->   "store i32 1779033703, i32* %hash1_V_1_addr, align 4" [sha256d/sha256d.cpp:77->sha256d/sha256d.cpp:119->sha256d/sha256d.cpp:169]   --->   Operation 24 'store' <Predicate = true> <Delay = 0.79> <Core = "RAM">   --->   Core 37 'RAM' <Latency = 1> <II = 1> <Delay = 0.79> <Storage> <Opcode : 'load' 'store'> <Ports = 2> <Width = 32> <Depth = 8> <RAM>
ST_1 : Operation 25 [1/1] (0.00ns)   --->   "%hash1_V_1_addr_1 = getelementptr [8 x i32]* %hash1_V_1, i64 0, i64 1" [sha256d/sha256d.cpp:78->sha256d/sha256d.cpp:119->sha256d/sha256d.cpp:169]   --->   Operation 25 'getelementptr' 'hash1_V_1_addr_1' <Predicate = true> <Delay = 0.00>
ST_1 : Operation 26 [1/1] (0.79ns)   --->   "store i32 -1150833019, i32* %hash1_V_1_addr_1, align 4" [sha256d/sha256d.cpp:78->sha256d/sha256d.cpp:119->sha256d/sha256d.cpp:169]   --->   Operation 26 'store' <Predicate = true> <Delay = 0.79> <Core = "RAM">   --->   Core 37 'RAM' <Latency = 1> <II = 1> <Delay = 0.79> <Storage> <Opcode : 'load' 'store'> <Ports = 2> <Width = 32> <Depth = 8> <RAM>

State 2 <SV = 1> <Delay = 0.79>
ST_2 : Operation 27 [1/1] (0.00ns)   --->   "%hash1_V_1_addr_2 = getelementptr [8 x i32]* %hash1_V_1, i64 0, i64 2" [sha256d/sha256d.cpp:79->sha256d/sha256d.cpp:119->sha256d/sha256d.cpp:169]   --->   Operation 27 'getelementptr' 'hash1_V_1_addr_2' <Predicate = true> <Delay = 0.00>
ST_2 : Operation 28 [1/1] (0.79ns)   --->   "store i32 1013904242, i32* %hash1_V_1_addr_2, align 4" [sha256d/sha256d.cpp:79->sha256d/sha256d.cpp:119->sha256d/sha256d.cpp:169]   --->   Operation 28 'store' <Predicate = true> <Delay = 0.79> <Core = "RAM">   --->   Core 37 'RAM' <Latency = 1> <II = 1> <Delay = 0.79> <Storage> <Opcode : 'load' 'store'> <Ports = 2> <Width = 32> <Depth = 8> <RAM>
ST_2 : Operation 29 [1/1] (0.00ns)   --->   "%hash1_V_1_addr_3 = getelementptr [8 x i32]* %hash1_V_1, i64 0, i64 3" [sha256d/sha256d.cpp:80->sha256d/sha256d.cpp:119->sha256d/sha256d.cpp:169]   --->   Operation 29 'getelementptr' 'hash1_V_1_addr_3' <Predicate = true> <Delay = 0.00>
ST_2 : Operation 30 [1/1] (0.79ns)   --->   "store i32 -1521486534, i32* %hash1_V_1_addr_3, align 4" [sha256d/sha256d.cpp:80->sha256d/sha256d.cpp:119->sha256d/sha256d.cpp:169]   --->   Operation 30 'store' <Predicate = true> <Delay = 0.79> <Core = "RAM">   --->   Core 37 'RAM' <Latency = 1> <II = 1> <Delay = 0.79> <Storage> <Opcode : 'load' 'store'> <Ports = 2> <Width = 32> <Depth = 8> <RAM>

State 3 <SV = 2> <Delay = 0.79>
ST_3 : Operation 31 [1/1] (0.00ns)   --->   "%hash1_V_1_addr_4 = getelementptr [8 x i32]* %hash1_V_1, i64 0, i64 4" [sha256d/sha256d.cpp:81->sha256d/sha256d.cpp:119->sha256d/sha256d.cpp:169]   --->   Operation 31 'getelementptr' 'hash1_V_1_addr_4' <Predicate = true> <Delay = 0.00>
ST_3 : Operation 32 [1/1] (0.79ns)   --->   "store i32 1359893119, i32* %hash1_V_1_addr_4, align 4" [sha256d/sha256d.cpp:81->sha256d/sha256d.cpp:119->sha256d/sha256d.cpp:169]   --->   Operation 32 'store' <Predicate = true> <Delay = 0.79> <Core = "RAM">   --->   Core 37 'RAM' <Latency = 1> <II = 1> <Delay = 0.79> <Storage> <Opcode : 'load' 'store'> <Ports = 2> <Width = 32> <Depth = 8> <RAM>
ST_3 : Operation 33 [1/1] (0.00ns)   --->   "%hash1_V_1_addr_5 = getelementptr [8 x i32]* %hash1_V_1, i64 0, i64 5" [sha256d/sha256d.cpp:82->sha256d/sha256d.cpp:119->sha256d/sha256d.cpp:169]   --->   Operation 33 'getelementptr' 'hash1_V_1_addr_5' <Predicate = true> <Delay = 0.00>
ST_3 : Operation 34 [1/1] (0.79ns)   --->   "store i32 -1694144372, i32* %hash1_V_1_addr_5, align 4" [sha256d/sha256d.cpp:82->sha256d/sha256d.cpp:119->sha256d/sha256d.cpp:169]   --->   Operation 34 'store' <Predicate = true> <Delay = 0.79> <Core = "RAM">   --->   Core 37 'RAM' <Latency = 1> <II = 1> <Delay = 0.79> <Storage> <Opcode : 'load' 'store'> <Ports = 2> <Width = 32> <Depth = 8> <RAM>
ST_3 : Operation 35 [2/2] (0.00ns)   --->   "call fastcc void @sha256_prepare_1([80 x i8]* %input_V, [128 x i8]* %data_V)" [sha256d/sha256d.cpp:121->sha256d/sha256d.cpp:169]   --->   Operation 35 'call' <Predicate = true> <Delay = 0.00> <CoreType = "Generic">   --->   Core 0 '' <Latency = 0> <II = 1> <Delay = 1.00> <Generic> <Opcode : >

State 4 <SV = 3> <Delay = 0.79>
ST_4 : Operation 36 [1/1] (0.00ns)   --->   "%hash1_V_1_addr_6 = getelementptr [8 x i32]* %hash1_V_1, i64 0, i64 6" [sha256d/sha256d.cpp:83->sha256d/sha256d.cpp:119->sha256d/sha256d.cpp:169]   --->   Operation 36 'getelementptr' 'hash1_V_1_addr_6' <Predicate = true> <Delay = 0.00>
ST_4 : Operation 37 [1/1] (0.79ns)   --->   "store i32 528734635, i32* %hash1_V_1_addr_6, align 4" [sha256d/sha256d.cpp:83->sha256d/sha256d.cpp:119->sha256d/sha256d.cpp:169]   --->   Operation 37 'store' <Predicate = true> <Delay = 0.79> <Core = "RAM">   --->   Core 37 'RAM' <Latency = 1> <II = 1> <Delay = 0.79> <Storage> <Opcode : 'load' 'store'> <Ports = 2> <Width = 32> <Depth = 8> <RAM>
ST_4 : Operation 38 [1/1] (0.00ns)   --->   "%hash1_V_1_addr_7 = getelementptr [8 x i32]* %hash1_V_1, i64 0, i64 7" [sha256d/sha256d.cpp:84->sha256d/sha256d.cpp:119->sha256d/sha256d.cpp:169]   --->   Operation 38 'getelementptr' 'hash1_V_1_addr_7' <Predicate = true> <Delay = 0.00>
ST_4 : Operation 39 [1/1] (0.79ns)   --->   "store i32 1541459225, i32* %hash1_V_1_addr_7, align 4" [sha256d/sha256d.cpp:84->sha256d/sha256d.cpp:119->sha256d/sha256d.cpp:169]   --->   Operation 39 'store' <Predicate = true> <Delay = 0.79> <Core = "RAM">   --->   Core 37 'RAM' <Latency = 1> <II = 1> <Delay = 0.79> <Storage> <Opcode : 'load' 'store'> <Ports = 2> <Width = 32> <Depth = 8> <RAM>
ST_4 : Operation 40 [1/2] (0.00ns)   --->   "call fastcc void @sha256_prepare_1([80 x i8]* %input_V, [128 x i8]* %data_V)" [sha256d/sha256d.cpp:121->sha256d/sha256d.cpp:169]   --->   Operation 40 'call' <Predicate = true> <Delay = 0.00> <CoreType = "Generic">   --->   Core 0 '' <Latency = 0> <II = 1> <Delay = 1.00> <Generic> <Opcode : >

State 5 <SV = 4> <Delay = 0.75>
ST_5 : Operation 41 [2/2] (0.75ns)   --->   "call fastcc void @sha256_transform([8 x i32]* %hash1_V_1, [128 x i8]* %data_V, i1 false)" [sha256d/sha256d.cpp:122->sha256d/sha256d.cpp:169]   --->   Operation 41 'call' <Predicate = true> <Delay = 0.75> <CoreType = "Generic">   --->   Core 0 '' <Latency = 0> <II = 1> <Delay = 1.00> <Generic> <Opcode : >

State 6 <SV = 5> <Delay = 0.00>
ST_6 : Operation 42 [1/2] (0.00ns)   --->   "call fastcc void @sha256_transform([8 x i32]* %hash1_V_1, [128 x i8]* %data_V, i1 false)" [sha256d/sha256d.cpp:122->sha256d/sha256d.cpp:169]   --->   Operation 42 'call' <Predicate = true> <Delay = 0.00> <CoreType = "Generic">   --->   Core 0 '' <Latency = 0> <II = 1> <Delay = 1.00> <Generic> <Opcode : >

State 7 <SV = 6> <Delay = 0.75>
ST_7 : Operation 43 [2/2] (0.75ns)   --->   "call fastcc void @sha256_transform([8 x i32]* %hash1_V_1, [128 x i8]* %data_V, i1 true)" [sha256d/sha256d.cpp:123->sha256d/sha256d.cpp:169]   --->   Operation 43 'call' <Predicate = true> <Delay = 0.75> <CoreType = "Generic">   --->   Core 0 '' <Latency = 0> <II = 1> <Delay = 1.00> <Generic> <Opcode : >

State 8 <SV = 7> <Delay = 0.75>
ST_8 : Operation 44 [1/1] (0.00ns)   --->   "call void (...)* @_ssdm_op_SpecBitsMap([80 x i8]* %input_V), !map !121"   --->   Operation 44 'specbitsmap' <Predicate = true> <Delay = 0.00>
ST_8 : Operation 45 [1/1] (0.00ns)   --->   "call void (...)* @_ssdm_op_SpecBitsMap([8 x i32]* %output_V), !map !127"   --->   Operation 45 'specbitsmap' <Predicate = true> <Delay = 0.00>
ST_8 : Operation 46 [1/1] (0.00ns)   --->   "call void (...)* @_ssdm_op_SpecTopModule([8 x i8]* @sha256d_str) nounwind"   --->   Operation 46 'spectopmodule' <Predicate = true> <Delay = 0.00>
ST_8 : Operation 47 [1/2] (0.00ns)   --->   "call fastcc void @sha256_transform([8 x i32]* %hash1_V_1, [128 x i8]* %data_V, i1 true)" [sha256d/sha256d.cpp:123->sha256d/sha256d.cpp:169]   --->   Operation 47 'call' <Predicate = true> <Delay = 0.00> <CoreType = "Generic">   --->   Core 0 '' <Latency = 0> <II = 1> <Delay = 1.00> <Generic> <Opcode : >
ST_8 : Operation 48 [1/1] (0.75ns)   --->   "br label %1" [sha256d/sha256d.cpp:125->sha256d/sha256d.cpp:169]   --->   Operation 48 'br' <Predicate = true> <Delay = 0.75>

State 9 <SV = 8> <Delay = 0.88>
ST_9 : Operation 49 [1/1] (0.00ns)   --->   "%i_0_i = phi i4 [ 0, %0 ], [ %i, %2 ]"   --->   Operation 49 'phi' 'i_0_i' <Predicate = true> <Delay = 0.00>
ST_9 : Operation 50 [1/1] (0.88ns)   --->   "%icmp_ln125 = icmp eq i4 %i_0_i, -8" [sha256d/sha256d.cpp:125->sha256d/sha256d.cpp:169]   --->   Operation 50 'icmp' 'icmp_ln125' <Predicate = true> <Delay = 0.88> <Core = "Cmp">   --->   Core 25 'Cmp' <Latency = 0> <II = 1> <Delay = 0.88> <FuncUnit> <Opcode : 'icmp'> <InPorts = 2> <OutPorts = 1>
ST_9 : Operation 51 [1/1] (0.00ns)   --->   "%empty = call i32 (...)* @_ssdm_op_SpecLoopTripCount(i64 8, i64 8, i64 8)"   --->   Operation 51 'speclooptripcount' 'empty' <Predicate = true> <Delay = 0.00>
ST_9 : Operation 52 [1/1] (0.86ns)   --->   "%i = add i4 %i_0_i, 1" [sha256d/sha256d.cpp:125->sha256d/sha256d.cpp:169]   --->   Operation 52 'add' 'i' <Predicate = true> <Delay = 0.86> <Core = "AddSub">   --->   Core 14 'AddSub' <Latency = 0> <II = 1> <Delay = 0.86> <FuncUnit> <Opcode : 'add' 'sub'> <InPorts = 2> <OutPorts = 1>
ST_9 : Operation 53 [1/1] (0.00ns)   --->   "br i1 %icmp_ln125, label %sha256_1.exit, label %2" [sha256d/sha256d.cpp:125->sha256d/sha256d.cpp:169]   --->   Operation 53 'br' <Predicate = true> <Delay = 0.00>
ST_9 : Operation 54 [1/1] (0.00ns)   --->   "%zext_ln126 = zext i4 %i_0_i to i64" [sha256d/sha256d.cpp:126->sha256d/sha256d.cpp:169]   --->   Operation 54 'zext' 'zext_ln126' <Predicate = (!icmp_ln125)> <Delay = 0.00>
ST_9 : Operation 55 [1/1] (0.00ns)   --->   "%hash1_V_1_addr_8 = getelementptr [8 x i32]* %hash1_V_1, i64 0, i64 %zext_ln126" [sha256d/sha256d.cpp:126->sha256d/sha256d.cpp:169]   --->   Operation 55 'getelementptr' 'hash1_V_1_addr_8' <Predicate = (!icmp_ln125)> <Delay = 0.00>
ST_9 : Operation 56 [2/2] (0.79ns)   --->   "%hash1_V_1_load = load i32* %hash1_V_1_addr_8, align 4" [sha256d/sha256d.cpp:126->sha256d/sha256d.cpp:169]   --->   Operation 56 'load' 'hash1_V_1_load' <Predicate = (!icmp_ln125)> <Delay = 0.79> <Core = "RAM">   --->   Core 37 'RAM' <Latency = 1> <II = 1> <Delay = 0.79> <Storage> <Opcode : 'load' 'store'> <Ports = 2> <Width = 32> <Depth = 8> <RAM>
ST_9 : Operation 57 [1/1] (0.00ns)   --->   "%hash1_V_2_addr = getelementptr [8 x i32]* %hash1_V_2, i64 0, i64 0" [sha256d/sha256d.cpp:76->sha256d/sha256d.cpp:157->sha256d/sha256d.cpp:170]   --->   Operation 57 'getelementptr' 'hash1_V_2_addr' <Predicate = (icmp_ln125)> <Delay = 0.00>
ST_9 : Operation 58 [1/1] (0.79ns)   --->   "store i32 1779033703, i32* %hash1_V_2_addr, align 4" [sha256d/sha256d.cpp:77->sha256d/sha256d.cpp:157->sha256d/sha256d.cpp:170]   --->   Operation 58 'store' <Predicate = (icmp_ln125)> <Delay = 0.79> <Core = "RAM">   --->   Core 37 'RAM' <Latency = 1> <II = 1> <Delay = 0.79> <Storage> <Opcode : 'load' 'store'> <Ports = 2> <Width = 32> <Depth = 8> <RAM>
ST_9 : Operation 59 [1/1] (0.00ns)   --->   "%hash1_V_2_addr_1 = getelementptr [8 x i32]* %hash1_V_2, i64 0, i64 1" [sha256d/sha256d.cpp:78->sha256d/sha256d.cpp:157->sha256d/sha256d.cpp:170]   --->   Operation 59 'getelementptr' 'hash1_V_2_addr_1' <Predicate = (icmp_ln125)> <Delay = 0.00>
ST_9 : Operation 60 [1/1] (0.79ns)   --->   "store i32 -1150833019, i32* %hash1_V_2_addr_1, align 4" [sha256d/sha256d.cpp:78->sha256d/sha256d.cpp:157->sha256d/sha256d.cpp:170]   --->   Operation 60 'store' <Predicate = (icmp_ln125)> <Delay = 0.79> <Core = "RAM">   --->   Core 37 'RAM' <Latency = 1> <II = 1> <Delay = 0.79> <Storage> <Opcode : 'load' 'store'> <Ports = 2> <Width = 32> <Depth = 8> <RAM>

State 10 <SV = 9> <Delay = 1.58>
ST_10 : Operation 61 [1/2] (0.79ns)   --->   "%hash1_V_1_load = load i32* %hash1_V_1_addr_8, align 4" [sha256d/sha256d.cpp:126->sha256d/sha256d.cpp:169]   --->   Operation 61 'load' 'hash1_V_1_load' <Predicate = true> <Delay = 0.79> <Core = "RAM">   --->   Core 37 'RAM' <Latency = 1> <II = 1> <Delay = 0.79> <Storage> <Opcode : 'load' 'store'> <Ports = 2> <Width = 32> <Depth = 8> <RAM>
ST_10 : Operation 62 [1/1] (0.00ns)   --->   "%hash1_V_addr = getelementptr [8 x i32]* %hash1_V, i64 0, i64 %zext_ln126" [sha256d/sha256d.cpp:126->sha256d/sha256d.cpp:169]   --->   Operation 62 'getelementptr' 'hash1_V_addr' <Predicate = true> <Delay = 0.00>
ST_10 : Operation 63 [1/1] (0.79ns)   --->   "store i32 %hash1_V_1_load, i32* %hash1_V_addr, align 4" [sha256d/sha256d.cpp:126->sha256d/sha256d.cpp:169]   --->   Operation 63 'store' <Predicate = true> <Delay = 0.79> <Core = "RAM">   --->   Core 37 'RAM' <Latency = 1> <II = 1> <Delay = 0.79> <Storage> <Opcode : 'load' 'store'> <Ports = 2> <Width = 32> <Depth = 8> <RAM>
ST_10 : Operation 64 [1/1] (0.00ns)   --->   "br label %1" [sha256d/sha256d.cpp:125->sha256d/sha256d.cpp:169]   --->   Operation 64 'br' <Predicate = true> <Delay = 0.00>

State 11 <SV = 9> <Delay = 0.79>
ST_11 : Operation 65 [1/1] (0.00ns)   --->   "%hash1_V_2_addr_2 = getelementptr [8 x i32]* %hash1_V_2, i64 0, i64 2" [sha256d/sha256d.cpp:79->sha256d/sha256d.cpp:157->sha256d/sha256d.cpp:170]   --->   Operation 65 'getelementptr' 'hash1_V_2_addr_2' <Predicate = true> <Delay = 0.00>
ST_11 : Operation 66 [1/1] (0.79ns)   --->   "store i32 1013904242, i32* %hash1_V_2_addr_2, align 4" [sha256d/sha256d.cpp:79->sha256d/sha256d.cpp:157->sha256d/sha256d.cpp:170]   --->   Operation 66 'store' <Predicate = true> <Delay = 0.79> <Core = "RAM">   --->   Core 37 'RAM' <Latency = 1> <II = 1> <Delay = 0.79> <Storage> <Opcode : 'load' 'store'> <Ports = 2> <Width = 32> <Depth = 8> <RAM>
ST_11 : Operation 67 [1/1] (0.00ns)   --->   "%hash1_V_2_addr_3 = getelementptr [8 x i32]* %hash1_V_2, i64 0, i64 3" [sha256d/sha256d.cpp:80->sha256d/sha256d.cpp:157->sha256d/sha256d.cpp:170]   --->   Operation 67 'getelementptr' 'hash1_V_2_addr_3' <Predicate = true> <Delay = 0.00>
ST_11 : Operation 68 [1/1] (0.79ns)   --->   "store i32 -1521486534, i32* %hash1_V_2_addr_3, align 4" [sha256d/sha256d.cpp:80->sha256d/sha256d.cpp:157->sha256d/sha256d.cpp:170]   --->   Operation 68 'store' <Predicate = true> <Delay = 0.79> <Core = "RAM">   --->   Core 37 'RAM' <Latency = 1> <II = 1> <Delay = 0.79> <Storage> <Opcode : 'load' 'store'> <Ports = 2> <Width = 32> <Depth = 8> <RAM>

State 12 <SV = 10> <Delay = 0.79>
ST_12 : Operation 69 [1/1] (0.00ns)   --->   "%hash1_V_2_addr_4 = getelementptr [8 x i32]* %hash1_V_2, i64 0, i64 4" [sha256d/sha256d.cpp:81->sha256d/sha256d.cpp:157->sha256d/sha256d.cpp:170]   --->   Operation 69 'getelementptr' 'hash1_V_2_addr_4' <Predicate = true> <Delay = 0.00>
ST_12 : Operation 70 [1/1] (0.79ns)   --->   "store i32 1359893119, i32* %hash1_V_2_addr_4, align 4" [sha256d/sha256d.cpp:81->sha256d/sha256d.cpp:157->sha256d/sha256d.cpp:170]   --->   Operation 70 'store' <Predicate = true> <Delay = 0.79> <Core = "RAM">   --->   Core 37 'RAM' <Latency = 1> <II = 1> <Delay = 0.79> <Storage> <Opcode : 'load' 'store'> <Ports = 2> <Width = 32> <Depth = 8> <RAM>
ST_12 : Operation 71 [1/1] (0.00ns)   --->   "%hash1_V_2_addr_5 = getelementptr [8 x i32]* %hash1_V_2, i64 0, i64 5" [sha256d/sha256d.cpp:82->sha256d/sha256d.cpp:157->sha256d/sha256d.cpp:170]   --->   Operation 71 'getelementptr' 'hash1_V_2_addr_5' <Predicate = true> <Delay = 0.00>
ST_12 : Operation 72 [1/1] (0.79ns)   --->   "store i32 -1694144372, i32* %hash1_V_2_addr_5, align 4" [sha256d/sha256d.cpp:82->sha256d/sha256d.cpp:157->sha256d/sha256d.cpp:170]   --->   Operation 72 'store' <Predicate = true> <Delay = 0.79> <Core = "RAM">   --->   Core 37 'RAM' <Latency = 1> <II = 1> <Delay = 0.79> <Storage> <Opcode : 'load' 'store'> <Ports = 2> <Width = 32> <Depth = 8> <RAM>
ST_12 : Operation 73 [2/2] (0.00ns)   --->   "call fastcc void @sha256_prepare_2([8 x i32]* %hash1_V, [64 x i8]* %data_V_1)" [sha256d/sha256d.cpp:159->sha256d/sha256d.cpp:170]   --->   Operation 73 'call' <Predicate = true> <Delay = 0.00> <CoreType = "Generic">   --->   Core 0 '' <Latency = 0> <II = 1> <Delay = 1.00> <Generic> <Opcode : >

State 13 <SV = 11> <Delay = 0.79>
ST_13 : Operation 74 [1/1] (0.00ns)   --->   "%hash1_V_2_addr_6 = getelementptr [8 x i32]* %hash1_V_2, i64 0, i64 6" [sha256d/sha256d.cpp:83->sha256d/sha256d.cpp:157->sha256d/sha256d.cpp:170]   --->   Operation 74 'getelementptr' 'hash1_V_2_addr_6' <Predicate = true> <Delay = 0.00>
ST_13 : Operation 75 [1/1] (0.79ns)   --->   "store i32 528734635, i32* %hash1_V_2_addr_6, align 4" [sha256d/sha256d.cpp:83->sha256d/sha256d.cpp:157->sha256d/sha256d.cpp:170]   --->   Operation 75 'store' <Predicate = true> <Delay = 0.79> <Core = "RAM">   --->   Core 37 'RAM' <Latency = 1> <II = 1> <Delay = 0.79> <Storage> <Opcode : 'load' 'store'> <Ports = 2> <Width = 32> <Depth = 8> <RAM>
ST_13 : Operation 76 [1/1] (0.00ns)   --->   "%hash1_V_2_addr_7 = getelementptr [8 x i32]* %hash1_V_2, i64 0, i64 7" [sha256d/sha256d.cpp:84->sha256d/sha256d.cpp:157->sha256d/sha256d.cpp:170]   --->   Operation 76 'getelementptr' 'hash1_V_2_addr_7' <Predicate = true> <Delay = 0.00>
ST_13 : Operation 77 [1/1] (0.79ns)   --->   "store i32 1541459225, i32* %hash1_V_2_addr_7, align 4" [sha256d/sha256d.cpp:84->sha256d/sha256d.cpp:157->sha256d/sha256d.cpp:170]   --->   Operation 77 'store' <Predicate = true> <Delay = 0.79> <Core = "RAM">   --->   Core 37 'RAM' <Latency = 1> <II = 1> <Delay = 0.79> <Storage> <Opcode : 'load' 'store'> <Ports = 2> <Width = 32> <Depth = 8> <RAM>
ST_13 : Operation 78 [1/2] (0.00ns)   --->   "call fastcc void @sha256_prepare_2([8 x i32]* %hash1_V, [64 x i8]* %data_V_1)" [sha256d/sha256d.cpp:159->sha256d/sha256d.cpp:170]   --->   Operation 78 'call' <Predicate = true> <Delay = 0.00> <CoreType = "Generic">   --->   Core 0 '' <Latency = 0> <II = 1> <Delay = 1.00> <Generic> <Opcode : >

State 14 <SV = 12> <Delay = 0.00>
ST_14 : Operation 79 [2/2] (0.00ns)   --->   "call fastcc void @sha256_transform.1([8 x i32]* %hash1_V_2, [64 x i8]* %data_V_1)" [sha256d/sha256d.cpp:160->sha256d/sha256d.cpp:170]   --->   Operation 79 'call' <Predicate = true> <Delay = 0.00> <CoreType = "Generic">   --->   Core 0 '' <Latency = 0> <II = 1> <Delay = 1.00> <Generic> <Opcode : >

State 15 <SV = 13> <Delay = 0.75>
ST_15 : Operation 80 [1/2] (0.00ns)   --->   "call fastcc void @sha256_transform.1([8 x i32]* %hash1_V_2, [64 x i8]* %data_V_1)" [sha256d/sha256d.cpp:160->sha256d/sha256d.cpp:170]   --->   Operation 80 'call' <Predicate = true> <Delay = 0.00> <CoreType = "Generic">   --->   Core 0 '' <Latency = 0> <II = 1> <Delay = 1.00> <Generic> <Opcode : >
ST_15 : Operation 81 [1/1] (0.75ns)   --->   "br label %3" [sha256d/sha256d.cpp:162->sha256d/sha256d.cpp:170]   --->   Operation 81 'br' <Predicate = true> <Delay = 0.75>

State 16 <SV = 14> <Delay = 0.88>
ST_16 : Operation 82 [1/1] (0.00ns)   --->   "%i_0_i12 = phi i4 [ 0, %sha256_1.exit ], [ %i_1, %4 ]"   --->   Operation 82 'phi' 'i_0_i12' <Predicate = true> <Delay = 0.00>
ST_16 : Operation 83 [1/1] (0.88ns)   --->   "%icmp_ln162 = icmp eq i4 %i_0_i12, -8" [sha256d/sha256d.cpp:162->sha256d/sha256d.cpp:170]   --->   Operation 83 'icmp' 'icmp_ln162' <Predicate = true> <Delay = 0.88> <Core = "Cmp">   --->   Core 25 'Cmp' <Latency = 0> <II = 1> <Delay = 0.88> <FuncUnit> <Opcode : 'icmp'> <InPorts = 2> <OutPorts = 1>
ST_16 : Operation 84 [1/1] (0.00ns)   --->   "%empty_7 = call i32 (...)* @_ssdm_op_SpecLoopTripCount(i64 8, i64 8, i64 8)"   --->   Operation 84 'speclooptripcount' 'empty_7' <Predicate = true> <Delay = 0.00>
ST_16 : Operation 85 [1/1] (0.86ns)   --->   "%i_1 = add i4 %i_0_i12, 1" [sha256d/sha256d.cpp:162->sha256d/sha256d.cpp:170]   --->   Operation 85 'add' 'i_1' <Predicate = true> <Delay = 0.86> <Core = "AddSub">   --->   Core 14 'AddSub' <Latency = 0> <II = 1> <Delay = 0.86> <FuncUnit> <Opcode : 'add' 'sub'> <InPorts = 2> <OutPorts = 1>
ST_16 : Operation 86 [1/1] (0.00ns)   --->   "br i1 %icmp_ln162, label %sha256_2.exit, label %4" [sha256d/sha256d.cpp:162->sha256d/sha256d.cpp:170]   --->   Operation 86 'br' <Predicate = true> <Delay = 0.00>
ST_16 : Operation 87 [1/1] (0.00ns)   --->   "%zext_ln163 = zext i4 %i_0_i12 to i64" [sha256d/sha256d.cpp:163->sha256d/sha256d.cpp:170]   --->   Operation 87 'zext' 'zext_ln163' <Predicate = (!icmp_ln162)> <Delay = 0.00>
ST_16 : Operation 88 [1/1] (0.00ns)   --->   "%hash1_V_2_addr_8 = getelementptr [8 x i32]* %hash1_V_2, i64 0, i64 %zext_ln163" [sha256d/sha256d.cpp:163->sha256d/sha256d.cpp:170]   --->   Operation 88 'getelementptr' 'hash1_V_2_addr_8' <Predicate = (!icmp_ln162)> <Delay = 0.00>
ST_16 : Operation 89 [2/2] (0.79ns)   --->   "%hash1_V_2_load = load i32* %hash1_V_2_addr_8, align 4" [sha256d/sha256d.cpp:163->sha256d/sha256d.cpp:170]   --->   Operation 89 'load' 'hash1_V_2_load' <Predicate = (!icmp_ln162)> <Delay = 0.79> <Core = "RAM">   --->   Core 37 'RAM' <Latency = 1> <II = 1> <Delay = 0.79> <Storage> <Opcode : 'load' 'store'> <Ports = 2> <Width = 32> <Depth = 8> <RAM>
ST_16 : Operation 90 [1/1] (0.00ns)   --->   "ret void" [sha256d/sha256d.cpp:171]   --->   Operation 90 'ret' <Predicate = (icmp_ln162)> <Delay = 0.00>

State 17 <SV = 15> <Delay = 1.58>
ST_17 : Operation 91 [1/2] (0.79ns)   --->   "%hash1_V_2_load = load i32* %hash1_V_2_addr_8, align 4" [sha256d/sha256d.cpp:163->sha256d/sha256d.cpp:170]   --->   Operation 91 'load' 'hash1_V_2_load' <Predicate = true> <Delay = 0.79> <Core = "RAM">   --->   Core 37 'RAM' <Latency = 1> <II = 1> <Delay = 0.79> <Storage> <Opcode : 'load' 'store'> <Ports = 2> <Width = 32> <Depth = 8> <RAM>
ST_17 : Operation 92 [1/1] (0.00ns)   --->   "%output_V_addr = getelementptr [8 x i32]* %output_V, i64 0, i64 %zext_ln163" [sha256d/sha256d.cpp:163->sha256d/sha256d.cpp:170]   --->   Operation 92 'getelementptr' 'output_V_addr' <Predicate = true> <Delay = 0.00>
ST_17 : Operation 93 [1/1] (0.79ns)   --->   "store i32 %hash1_V_2_load, i32* %output_V_addr, align 4" [sha256d/sha256d.cpp:163->sha256d/sha256d.cpp:170]   --->   Operation 93 'store' <Predicate = true> <Delay = 0.79> <Core = "RAM">   --->   Core 37 'RAM' <Latency = 1> <II = 1> <Delay = 0.79> <Storage> <Opcode : 'load' 'store'> <Ports = 2> <Width = 32> <Depth = 8> <RAM>
ST_17 : Operation 94 [1/1] (0.00ns)   --->   "br label %3" [sha256d/sha256d.cpp:162->sha256d/sha256d.cpp:170]   --->   Operation 94 'br' <Predicate = true> <Delay = 0.00>


============================================================
+ Verbose Summary: Timing violations
============================================================
Target clock period: 10ns, clock uncertainty: 1.25ns.

 <State 1>: 0.79ns
The critical path consists of the following:
	'alloca' operation ('hash1.V', sha256d/sha256d.cpp:118->sha256d/sha256d.cpp:169) [7]  (0 ns)
	'getelementptr' operation ('hash1_V_1_addr', sha256d/sha256d.cpp:76->sha256d/sha256d.cpp:119->sha256d/sha256d.cpp:169) [13]  (0 ns)
	'store' operation ('store_ln77', sha256d/sha256d.cpp:77->sha256d/sha256d.cpp:119->sha256d/sha256d.cpp:169) of constant 1779033703 on array 'hash1.V', sha256d/sha256d.cpp:118->sha256d/sha256d.cpp:169 [14]  (0.79 ns)

 <State 2>: 0.79ns
The critical path consists of the following:
	'getelementptr' operation ('hash1_V_1_addr_2', sha256d/sha256d.cpp:79->sha256d/sha256d.cpp:119->sha256d/sha256d.cpp:169) [17]  (0 ns)
	'store' operation ('store_ln79', sha256d/sha256d.cpp:79->sha256d/sha256d.cpp:119->sha256d/sha256d.cpp:169) of constant 1013904242 on array 'hash1.V', sha256d/sha256d.cpp:118->sha256d/sha256d.cpp:169 [18]  (0.79 ns)

 <State 3>: 0.79ns
The critical path consists of the following:
	'getelementptr' operation ('hash1_V_1_addr_4', sha256d/sha256d.cpp:81->sha256d/sha256d.cpp:119->sha256d/sha256d.cpp:169) [21]  (0 ns)
	'store' operation ('store_ln81', sha256d/sha256d.cpp:81->sha256d/sha256d.cpp:119->sha256d/sha256d.cpp:169) of constant 1359893119 on array 'hash1.V', sha256d/sha256d.cpp:118->sha256d/sha256d.cpp:169 [22]  (0.79 ns)

 <State 4>: 0.79ns
The critical path consists of the following:
	'getelementptr' operation ('hash1_V_1_addr_6', sha256d/sha256d.cpp:83->sha256d/sha256d.cpp:119->sha256d/sha256d.cpp:169) [25]  (0 ns)
	'store' operation ('store_ln83', sha256d/sha256d.cpp:83->sha256d/sha256d.cpp:119->sha256d/sha256d.cpp:169) of constant 528734635 on array 'hash1.V', sha256d/sha256d.cpp:118->sha256d/sha256d.cpp:169 [26]  (0.79 ns)

 <State 5>: 0.755ns
The critical path consists of the following:
	'call' operation ('call_ln122', sha256d/sha256d.cpp:122->sha256d/sha256d.cpp:169) to 'sha256_transform' [30]  (0.755 ns)

 <State 6>: 0ns
The critical path consists of the following:

 <State 7>: 0.755ns
The critical path consists of the following:
	'call' operation ('call_ln123', sha256d/sha256d.cpp:123->sha256d/sha256d.cpp:169) to 'sha256_transform' [31]  (0.755 ns)

 <State 8>: 0.755ns
The critical path consists of the following:
	multiplexor before 'phi' operation ('i') with incoming values : ('i', sha256d/sha256d.cpp:125->sha256d/sha256d.cpp:169) [34]  (0.755 ns)

 <State 9>: 0.884ns
The critical path consists of the following:
	'phi' operation ('i') with incoming values : ('i', sha256d/sha256d.cpp:125->sha256d/sha256d.cpp:169) [34]  (0 ns)
	'icmp' operation ('icmp_ln125', sha256d/sha256d.cpp:125->sha256d/sha256d.cpp:169) [35]  (0.884 ns)

 <State 10>: 1.58ns
The critical path consists of the following:
	'load' operation ('hash1_V_1_load', sha256d/sha256d.cpp:126->sha256d/sha256d.cpp:169) on array 'hash1.V', sha256d/sha256d.cpp:118->sha256d/sha256d.cpp:169 [42]  (0.79 ns)
	'store' operation ('store_ln126', sha256d/sha256d.cpp:126->sha256d/sha256d.cpp:169) of variable 'hash1_V_1_load', sha256d/sha256d.cpp:126->sha256d/sha256d.cpp:169 on array 'hash1.V', sha256d/sha256d.cpp:168 [44]  (0.79 ns)

 <State 11>: 0.79ns
The critical path consists of the following:
	'getelementptr' operation ('hash1_V_2_addr_2', sha256d/sha256d.cpp:79->sha256d/sha256d.cpp:157->sha256d/sha256d.cpp:170) [51]  (0 ns)
	'store' operation ('store_ln79', sha256d/sha256d.cpp:79->sha256d/sha256d.cpp:157->sha256d/sha256d.cpp:170) of constant 1013904242 on array 'hash1.V', sha256d/sha256d.cpp:156->sha256d/sha256d.cpp:170 [52]  (0.79 ns)

 <State 12>: 0.79ns
The critical path consists of the following:
	'getelementptr' operation ('hash1_V_2_addr_4', sha256d/sha256d.cpp:81->sha256d/sha256d.cpp:157->sha256d/sha256d.cpp:170) [55]  (0 ns)
	'store' operation ('store_ln81', sha256d/sha256d.cpp:81->sha256d/sha256d.cpp:157->sha256d/sha256d.cpp:170) of constant 1359893119 on array 'hash1.V', sha256d/sha256d.cpp:156->sha256d/sha256d.cpp:170 [56]  (0.79 ns)

 <State 13>: 0.79ns
The critical path consists of the following:
	'getelementptr' operation ('hash1_V_2_addr_6', sha256d/sha256d.cpp:83->sha256d/sha256d.cpp:157->sha256d/sha256d.cpp:170) [59]  (0 ns)
	'store' operation ('store_ln83', sha256d/sha256d.cpp:83->sha256d/sha256d.cpp:157->sha256d/sha256d.cpp:170) of constant 528734635 on array 'hash1.V', sha256d/sha256d.cpp:156->sha256d/sha256d.cpp:170 [60]  (0.79 ns)

 <State 14>: 0ns
The critical path consists of the following:

 <State 15>: 0.755ns
The critical path consists of the following:
	multiplexor before 'phi' operation ('i') with incoming values : ('i', sha256d/sha256d.cpp:162->sha256d/sha256d.cpp:170) [67]  (0.755 ns)

 <State 16>: 0.884ns
The critical path consists of the following:
	'phi' operation ('i') with incoming values : ('i', sha256d/sha256d.cpp:162->sha256d/sha256d.cpp:170) [67]  (0 ns)
	'icmp' operation ('icmp_ln162', sha256d/sha256d.cpp:162->sha256d/sha256d.cpp:170) [68]  (0.884 ns)

 <State 17>: 1.58ns
The critical path consists of the following:
	'load' operation ('hash1_V_2_load', sha256d/sha256d.cpp:163->sha256d/sha256d.cpp:170) on array 'hash1.V', sha256d/sha256d.cpp:156->sha256d/sha256d.cpp:170 [75]  (0.79 ns)
	'store' operation ('store_ln163', sha256d/sha256d.cpp:163->sha256d/sha256d.cpp:170) of variable 'hash1_V_2_load', sha256d/sha256d.cpp:163->sha256d/sha256d.cpp:170 on array 'output_V' [77]  (0.79 ns)


============================================================
+ Verbose Summary: Binding
============================================================
N/A
* FSMD analyzer results:
  - Output states:
 - Input state : 
  - Chain level:
	State 1
	State 2
	State 3
	State 4
	State 5
	State 6
	State 7
	State 8
	State 9
	State 10
	State 11
	State 12
	State 13
	State 14
	State 15
	State 16
	State 17


============================================================
+ Verbose Summary: Datapath Resource usage 
============================================================
N/A
